#
# There is insufficient memory for the Java Runtime Environment to continue.
# Native memory allocation (mmap) failed to map 264241152 bytes. Error detail: G1 virtual space
# Possible reasons:
#   The system is out of physical RAM or swap space
#   This process is running with CompressedOops enabled, and the Java Heap may be blocking the growth of the native heap
# Possible solutions:
#   Reduce memory load on the system
#   Increase physical memory or swap space
#   Check if swap backing store is full
#   Decrease Java heap size (-Xmx/-Xms)
#   Decrease number of Java threads
#   Decrease Java thread stack sizes (-Xss)
#   Set larger code cache with -XX:ReservedCodeCacheSize=
#   JVM is running with Zero Based Compressed Oops mode in which the Java heap is
#     placed in the first 32GB address space. The Java Heap base address is the
#     maximum limit for the native heap growth. Please use -XX:HeapBaseMinAddress
#     to set the Java Heap base and to place the Java Heap above 32GB virtual address.
# This output file may be truncated or incomplete.
#
#  Out of Memory Error (os_windows.cpp:3925), pid=27028, tid=19648
#
# JRE version:  (21.0.8+1) (build )
# Java VM: OpenJDK 64-Bit Server VM (21.0.8+1-b1038.68, mixed mode, sharing, tiered, compressed oops, compressed class ptrs, g1 gc, windows-amd64)
# No core dump will be written. Minidumps are not enabled by default on client versions of Windows
#

---------------  S U M M A R Y ------------

Command Line: git4idea.http.GitAskPassApp Username for 'https://gitlab.education.tbank.ru': 

Host: 12th Gen Intel(R) Core(TM) i5-12500H, 16 cores, 15G,  Windows 11 , 64 bit Build 26100 (10.0.26100.7920)
Time: Sun Apr  5 11:30:18 2026 elapsed time: 1.031165 seconds (0d 0h 0m 1s)

---------------  T H R E A D  ---------------

Current thread (0x0000026859875950):  JavaThread "Unknown thread" [_thread_in_vm, id=19648, stack(0x0000008921500000,0x0000008921600000) (1024K)]

Stack: [0x0000008921500000,0x0000008921600000]
Native frames: (J=compiled Java code, j=interpreted, Vv=VM code, C=native code)
V  [jvm.dll+0x6ebeb9]
V  [jvm.dll+0x8cbec3]
V  [jvm.dll+0x8ce47e]
V  [jvm.dll+0x8ceb63]
V  [jvm.dll+0x28adf6]
V  [jvm.dll+0x6e8695]
V  [jvm.dll+0x6dbeea]
V  [jvm.dll+0x36689b]
V  [jvm.dll+0x36e466]
V  [jvm.dll+0x3c08c6]
V  [jvm.dll+0x3c0b98]
V  [jvm.dll+0x3390cc]
V  [jvm.dll+0x339dbb]
V  [jvm.dll+0x893349]
V  [jvm.dll+0x3cda98]
V  [jvm.dll+0x87c368]
V  [jvm.dll+0x46283e]
V  [jvm.dll+0x464521]
C  [jli.dll+0x52ab]
C  [ucrtbase.dll+0x37b0]
C  [KERNEL32.DLL+0x2e8d7]
C  [ntdll.dll+0x8c48c]


---------------  P R O C E S S  ---------------

Threads class SMR info:
_java_thread_list=0x00007ffae7e232c8, length=0, elements={
}

Java Threads: ( => current thread )
Total: 0

Other Threads:
  0x00000268598d7110 WorkerThread "GC Thread#0"                     [id=39796, stack(0x0000008921600000,0x0000008921700000) (1024K)]
  0x00000268598e7b00 ConcurrentGCThread "G1 Main Marker"            [id=41788, stack(0x0000008921700000,0x0000008921800000) (1024K)]
  0x00000268598e8600 WorkerThread "G1 Conc#0"                       [id=30348, stack(0x0000008921800000,0x0000008921900000) (1024K)]

[error occurred during error reporting (printing all threads), id 0xc0000005, EXCEPTION_ACCESS_VIOLATION (0xc0000005) at pc=0x00007ffae750c0b7]
VM state: not at safepoint (not fully initialized)

VM Mutex/Monitor currently owned by a thread:  ([mutex/lock_event])
[0x00007ffae7e97d58] Heap_lock - owner thread: 0x0000026859875950

Heap address: 0x0000000705e00000, size: 4002 MB, Compressed Oops mode: Zero based, Oop shift amount: 3

CDS archive(s) mapped at: [0x0000000000000000-0x0000000000000000-0x0000000000000000), size 0, SharedBaseAddress: 0x0000000800000000, ArchiveRelocationMode: 1.
Narrow klass base: 0x0000000000000000, Narrow klass shift: 0, Narrow klass range: 0x0

GC Precious Log:
 CardTable entry size: 512
 Card Set container configuration: InlinePtr #cards 4 size 8 Array Of Cards #cards 16 size 48 Howl #buckets 8 coarsen threshold 3686 Howl Bitmap #cards 512 size 80 coarsen threshold 460 Card regions per heap region 1 cards per card region 4096

Heap:
 garbage-first heap   total 0K, used 0K [0x0000000705e00000, 0x0000000800000000)
  region size 2048K, 0 young (0K), 0 survivors (0K)
 Metaspace       used 0K, committed 0K, reserved 0K
  class space    used 0K, committed 0K, reserved 0K

Heap Regions: E=young(eden), S=young(survivor), O=old, HS=humongous(starts), HC=humongous(continues), CS=collection set, F=free, TAMS=top-at-mark-start, PB=parsable bottom

Card table byte_map: [0x000002686d910000,0x000002686e0f0000] _byte_map_base: 0x000002686a0e1000

Marking Bits: (CMBitMap*) 0x00000268598d7810
 Bits: [0x000002686e0f0000, 0x0000026871f78000)

GC Heap History (0 events):
No events

Dll operation events (1 events):
Event: 0.006 Loaded shared library C:\Program Files\JetBrains\IntelliJ IDEA Community Edition 2025.2.1\jbr\bin\java.dll

Deoptimization events (0 events):
No events

Classes loaded (0 events):
No events

Classes unloaded (0 events):
No events

Classes redefined (0 events):
No events

Internal exceptions (0 events):
No events

ZGC Phase Switch (0 events):
No events

VM Operations (0 events):
No events

Memory protections (0 events):
No events

Nmethod flushes (0 events):
No events

Events (0 events):
No events


Dynamic libraries:
0x00007ff6eb8f0000 - 0x00007ff6eb8fa000 	C:\Program Files\JetBrains\IntelliJ IDEA Community Edition 2025.2.1\jbr\bin\java.exe
0x00007ffb93d60000 - 0x00007ffb93fc7000 	C:\WINDOWS\SYSTEM32\ntdll.dll
0x00007ffb937a0000 - 0x00007ffb93869000 	C:\WINDOWS\System32\KERNEL32.DLL
0x00007ffb90920000 - 0x00007ffb90d11000 	C:\WINDOWS\System32\KERNELBASE.dll
0x00007ffb90db0000 - 0x00007ffb90efb000 	C:\WINDOWS\System32\ucrtbase.dll
0x00007ffb74290000 - 0x00007ffb742a8000 	C:\Program Files\JetBrains\IntelliJ IDEA Community Edition 2025.2.1\jbr\bin\jli.dll
0x00007ffb7bb00000 - 0x00007ffb7bb1b000 	C:\Program Files\JetBrains\IntelliJ IDEA Community Edition 2025.2.1\jbr\bin\VCRUNTIME140.dll
0x00007ffb934d0000 - 0x00007ffb93695000 	C:\WINDOWS\System32\USER32.dll
0x00007ffb907c0000 - 0x00007ffb907e7000 	C:\WINDOWS\System32\win32u.dll
0x00007ffb92200000 - 0x00007ffb9222b000 	C:\WINDOWS\System32\GDI32.dll
0x00007ffb73960000 - 0x00007ffb73bf3000 	C:\WINDOWS\WinSxS\amd64_microsoft.windows.common-controls_6595b64144ccf1df_6.0.26100.8037_none_3e092faae333b53b\COMCTL32.dll
0x00007ffb907f0000 - 0x00007ffb9091b000 	C:\WINDOWS\System32\gdi32full.dll
0x00007ffb92a60000 - 0x00007ffb92b09000 	C:\WINDOWS\System32\msvcrt.dll
0x00007ffb90fc0000 - 0x00007ffb91063000 	C:\WINDOWS\System32\msvcp_win.dll
0x00007ffb91b80000 - 0x00007ffb91bb1000 	C:\WINDOWS\System32\IMM32.DLL
0x00007ffb8c810000 - 0x00007ffb8c81c000 	C:\Program Files\JetBrains\IntelliJ IDEA Community Edition 2025.2.1\jbr\bin\vcruntime140_1.dll
0x00007ffb627c0000 - 0x00007ffb6284d000 	C:\Program Files\JetBrains\IntelliJ IDEA Community Edition 2025.2.1\jbr\bin\msvcp140.dll
0x00007ffae71c0000 - 0x00007ffae7f8b000 	C:\Program Files\JetBrains\IntelliJ IDEA Community Edition 2025.2.1\jbr\bin\server\jvm.dll
0x00007ffb92ba0000 - 0x00007ffb92c5b000 	C:\WINDOWS\System32\ADVAPI32.dll
0x00007ffb92230000 - 0x00007ffb922d7000 	C:\WINDOWS\System32\sechost.dll
0x00007ffb93870000 - 0x00007ffb93988000 	C:\WINDOWS\System32\RPCRT4.dll
0x00007ffb92180000 - 0x00007ffb921f4000 	C:\WINDOWS\System32\WS2_32.dll
0x00007ffb875b0000 - 0x00007ffb875bb000 	C:\WINDOWS\SYSTEM32\VERSION.dll
0x00007ffb87660000 - 0x00007ffb87695000 	C:\WINDOWS\SYSTEM32\WINMM.dll
0x00007ffb8f200000 - 0x00007ffb8f25e000 	C:\WINDOWS\SYSTEM32\POWRPROF.dll
0x00007ffb8f1e0000 - 0x00007ffb8f1f4000 	C:\WINDOWS\SYSTEM32\UMPDC.dll
0x00007ffb8f4b0000 - 0x00007ffb8f4cb000 	C:\WINDOWS\SYSTEM32\kernel.appcore.dll
0x00007ffb8a860000 - 0x00007ffb8a86a000 	C:\Program Files\JetBrains\IntelliJ IDEA Community Edition 2025.2.1\jbr\bin\jimage.dll
0x00007ffb8df80000 - 0x00007ffb8e1c2000 	C:\WINDOWS\SYSTEM32\DBGHELP.DLL
0x00007ffb93990000 - 0x00007ffb93d12000 	C:\WINDOWS\System32\combase.dll
0x00007ffb92fe0000 - 0x00007ffb930b7000 	C:\WINDOWS\System32\OLEAUT32.dll
0x00007ffb6e770000 - 0x00007ffb6e7ab000 	C:\WINDOWS\SYSTEM32\dbgcore.DLL
0x00007ffb91a50000 - 0x00007ffb91af5000 	C:\WINDOWS\System32\bcryptPrimitives.dll
0x00007ffb7b9c0000 - 0x00007ffb7b9e0000 	C:\Program Files\JetBrains\IntelliJ IDEA Community Edition 2025.2.1\jbr\bin\java.dll

JVMTI agents: none

dbghelp: loaded successfully - version: 4.0.5 - missing functions: none
symbol engine: initialized successfully - sym options: 0x614 - pdb path: .;C:\Program Files\JetBrains\IntelliJ IDEA Community Edition 2025.2.1\jbr\bin;C:\WINDOWS\SYSTEM32;C:\WINDOWS\WinSxS\amd64_microsoft.windows.common-controls_6595b64144ccf1df_6.0.26100.8037_none_3e092faae333b53b;C:\Program Files\JetBrains\IntelliJ IDEA Community Edition 2025.2.1\jbr\bin\server

VM Arguments:
java_command: git4idea.http.GitAskPassApp Username for 'https://gitlab.education.tbank.ru': 
java_class_path (initial): C:/Program Files/JetBrains/IntelliJ IDEA Community Edition 2025.2.1/plugins/vcs-git/lib/git4idea-rt.jar;C:/Program Files/JetBrains/IntelliJ IDEA Community Edition 2025.2.1/lib/externalProcess-rt.jar
Launcher Type: SUN_STANDARD

[Global flags]
     intx CICompilerCount                          = 12                                        {product} {ergonomic}
     uint ConcGCThreads                            = 3                                         {product} {ergonomic}
     uint G1ConcRefinementThreads                  = 13                                        {product} {ergonomic}
   size_t G1HeapRegionSize                         = 2097152                                   {product} {ergonomic}
    uintx GCDrainStackTargetSize                   = 64                                        {product} {ergonomic}
   size_t InitialHeapSize                          = 264241152                                 {product} {ergonomic}
   size_t MarkStackSize                            = 4194304                                   {product} {ergonomic}
   size_t MaxHeapSize                              = 4196401152                                {product} {ergonomic}
   size_t MinHeapDeltaBytes                        = 2097152                                   {product} {ergonomic}
   size_t MinHeapSize                              = 8388608                                   {product} {ergonomic}
    uintx NonNMethodCodeHeapSize                   = 7602480                                {pd product} {ergonomic}
    uintx NonProfiledCodeHeapSize                  = 122027880                              {pd product} {ergonomic}
    uintx ProfiledCodeHeapSize                     = 122027880                              {pd product} {ergonomic}
    uintx ReservedCodeCacheSize                    = 251658240                              {pd product} {ergonomic}
     bool SegmentedCodeCache                       = true                                      {product} {ergonomic}
   size_t SoftMaxHeapSize                          = 4196401152                             {manageable} {ergonomic}
     bool UseCompressedOops                        = true                           {product lp64_product} {ergonomic}
     bool UseG1GC                                  = true                                      {product} {ergonomic}
     bool UseLargePagesIndividualAllocation        = false                                  {pd product} {ergonomic}

Logging:
Log output configuration:
 #0: stdout all=warning uptime,level,tags foldmultilines=false
 #1: stderr all=off uptime,level,tags foldmultilines=false

Environment Variables:
JAVA_HOME=C:\Program Files\Eclipse Adoptium\jdk-25.0.2.10-hotspot\
PATH=C:/Program Files/Git/mingw64/libexec/git-core;C:/Program Files/Git/mingw64/libexec/git-core;C:\Program Files\Git\mingw64\bin;C:\Program Files\Git\usr\bin;C:\Users\STerrible\bin;C:\Program Files\Eclipse Adoptium\jdk-25.0.2.10-hotspot\bin;C:\Program Files\Microsoft MPI\Bin\;C:\Program Files (x86)\Common Files\Intel\Shared Libraries\redist\intel64\compiler;C:\Program Files\Java\jdk-17\bin;C:\Program Files\dotnet\;C:\Program Files\Microsoft SQL Server\150\Tools\Binn\;C:\WINDOWS\system32;C:\WINDOWS;C:\WINDOWS\System32\Wbem;C:\WINDOWS\System32\WindowsPowerShell\v1.0\;C:\WINDOWS\System32\OpenSSH\;C:\Program Files\NVIDIA Corporation\NVIDIA app\NvDLISR;C:\Program Files\Git\cmd;C:\Program Files\WireGuard\;C:\Users\STerrible\scoop\apps\maven\current\bin;C:\Users\STerrible\go\bin;C:\Users\STerrible\scoop\shims;C:\Users\STerrible\AppData\Local\Programs\Python\Python312\Scripts\;C:\Users\STerrible\AppData\Local\Programs\Python\Python312\;C:\Users\STerrible\AppData\Local\Programs\Python\Launcher\;C:\Users\STerrible\AppData\Local\Microsoft\WindowsApps;C:\Users\STerrible\AppData\Local\GitHubDesktop\bin;C:\Users\STerrible\AppData\Local\Programs\Microsoft VS Code\bin;C:\Users\STerrible\.bun\bin;C:\Users\STerrible\.jdks\corretto-24.0.2\bin
USERNAME=STerrible
DISPLAY=:0.0
LC_ALL=en_US.UTF-8
TERM=xterm-256color
TMPDIR=C:\Users\STERRI~1\AppData\Local\Temp
OS=Windows_NT
PROCESSOR_IDENTIFIER=Intel64 Family 6 Model 154 Stepping 3, GenuineIntel
TMP=C:\Users\STERRI~1\AppData\Local\Temp
TEMP=C:\Users\STERRI~1\AppData\Local\Temp




Periodic native trim disabled

JNI global refs:
JNI global refs: 0, weak refs: 0

JNI global refs memory usage: 0, weak refs: 0

Process memory usage:
Resident Set Size: 12840K (0% of 16386532K total physical memory with 633796K free physical memory)

OOME stack traces (most recent first):
Classloader memory used:

---------------  S Y S T E M  ---------------

OS:
 Windows 11 , 64 bit Build 26100 (10.0.26100.7920)
OS uptime: 5 days 21:58 hours
Hyper-V role detected

CPU: total 16 (initial active 16) (8 cores per cpu, 2 threads per core) family 6 model 154 stepping 3 microcode 0x434, cx8, cmov, fxsr, ht, mmx, 3dnowpref, sse, sse2, sse3, ssse3, sse4.1, sse4.2, popcnt, lzcnt, tsc, tscinvbit, avx, avx2, aes, erms, clmul, bmi1, bmi2, adx, sha, fma, vzeroupper, clflush, clflushopt, clwb, hv, serialize, rdtscp, rdpid, fsrm, f16c, cet_ibt, cet_ss
Processor Information for the first 16 processors :
  Max Mhz: 2500, Current Mhz: 2500, Mhz Limit: 2500

Memory: 4k page, system-wide physical 16002M (618M free)
TotalPageFile size 32386M (AvailPageFile size 72M)
current process WorkingSet (physical memory assigned to process): 12M, peak: 12M
current process commit charge ("private bytes"): 70M, peak: 322M

vm_info: OpenJDK 64-Bit Server VM (21.0.8+1-b1038.68) for windows-amd64 JRE (21.0.8+1-b1038.68), built on 2025-07-24 by "builduser" with MS VC++ 16.10 / 16.11 (VS2019)

END.
