#
# There is insufficient memory for the Java Runtime Environment to continue.
# Native memory allocation (mmap) failed to map 264241152 bytes. Error detail: G1 virtual space
# Possible reasons:
#   The system is out of physical RAM or swap space
#   This process is running with CompressedOops enabled, and the Java Heap may be blocking the growth of the native heap
# Possible solutions:
#   Reduce memory load on the system
#   Increase physical memory or swap space
#   Check if swap backing store is full
#   Decrease Java heap size (-Xmx/-Xms)
#   Decrease number of Java threads
#   Decrease Java thread stack sizes (-Xss)
#   Set larger code cache with -XX:ReservedCodeCacheSize=
#   JVM is running with Zero Based Compressed Oops mode in which the Java heap is
#     placed in the first 32GB address space. The Java Heap base address is the
#     maximum limit for the native heap growth. Please use -XX:HeapBaseMinAddress
#     to set the Java Heap base and to place the Java Heap above 32GB virtual address.
# This output file may be truncated or incomplete.
#
#  Out of Memory Error (os_windows.cpp:3554), pid=37936, tid=33264
#
# JRE version:  (25.0.2+10) (build )
# Java VM: OpenJDK 64-Bit Server VM (25.0.2+10-LTS, mixed mode, sharing, tiered, compressed oops, compressed class ptrs, g1 gc, windows-amd64)
# No core dump will be written. Minidumps are not enabled by default on client versions of Windows
#

---------------  S U M M A R Y ------------

Command Line: -javaagent:C:\Users\STerrible\AppData\Local\JetBrains\IdeaIC2025.2\captureAgent\debugger-agent.jar=file:///C:/Users/STERRI~1/AppData/Local/Temp/capture11199503634581973862.props -ea -XX:+EnableDynamicAgentLoading -Didea.test.cyclic.buffer.size=1048576 -javaagent:C:\Program Files\JetBrains\IntelliJ IDEA Community Edition 2025.2.1\lib\idea_rt.jar=50853 -Dkotlinx.coroutines.debug.enable.creation.stack.trace=false -Ddebugger.agent.enable.coroutines=true -Dkotlinx.coroutines.debug.enable.flows.stack.trace=true -Dkotlinx.coroutines.debug.enable.mutable.state.flows.stack.trace=true -Dfile.encoding=UTF-8 -Dsun.stdout.encoding=UTF-8 -Dsun.stderr.encoding=UTF-8 com.intellij.rt.junit.JUnitStarter -ideVersion5 -junit5 backend.academy.linktracker.scrapper.LinkUpdateSchedulerTest

Host: 12th Gen Intel(R) Core(TM) i5-12500H, 16 cores, 15G,  Windows 11 , 64 bit Build 26100 (10.0.26100.7920)
Time: Thu Apr  9 03:27:32 2026 elapsed time: 0.020486 seconds (0d 0h 0m 0s)

---------------  T H R E A D  ---------------

Current thread (0x000001f26f5c67a0):  JavaThread "Unknown thread" [_thread_in_vm, id=33264, stack(0x0000003921200000,0x0000003921300000) (1024K)]

Stack: [0x0000003921200000,0x0000003921300000]
Native frames: (J=compiled Java code, j=interpreted, Vv=VM code, C=native code)
V  [jvm.dll+0x7a8bc9]  (no source info available)
V  [jvm.dll+0x77310d]  (no source info available)
V  [jvm.dll+0x9f55f3]  (no source info available)
V  [jvm.dll+0x9f7be1]  (no source info available)
V  [jvm.dll+0x9f82f3]  (no source info available)
V  [jvm.dll+0x2fce26]  (no source info available)
V  [jvm.dll+0x7a4df5]  (no source info available)
V  [jvm.dll+0x798257]  (no source info available)
V  [jvm.dll+0x3f5248]  (no source info available)
V  [jvm.dll+0x3fd1b6]  (no source info available)
V  [jvm.dll+0x3e991e]  (no source info available)
V  [jvm.dll+0x3e9bd8]  (no source info available)
V  [jvm.dll+0x3c0c05]  (no source info available)
V  [jvm.dll+0x3c188e]  (no source info available)
V  [jvm.dll+0x9bc474]  (no source info available)
V  [jvm.dll+0x459e72]  (no source info available)
V  [jvm.dll+0x9a02a2]  (no source info available)
V  [jvm.dll+0x4fa5c1]  (no source info available)
V  [jvm.dll+0x4fbeb1]  (no source info available)
C  [jli.dll+0x53fa]  (no source info available)
C  [ucrtbase.dll+0x37b0]  (no source info available)
C  [KERNEL32.DLL+0x2e8d7]  (no source info available)
C  [ntdll.dll+0x8c48c]  (no source info available)

Lock stack of current Java thread (top to bottom):


---------------  P R O C E S S  ---------------

Threads class SMR info:
_java_thread_list=0x00007ffb39d2e008, length=0, elements={
}

Java Threads: ( => current thread )
Total: 0

Other Threads:
  0x000001f26f630860 WorkerThread "GC Thread#0"                     [id=20248, stack(0x0000003921300000,0x0000003921400000) (1024K)]
  0x000001f26f649b40 ConcurrentGCThread "G1 Main Marker"            [id=33896, stack(0x0000003921400000,0x0000003921500000) (1024K)]
  0x000001f26f64c260 WorkerThread "G1 Conc#0"                       [id=3556, stack(0x0000003921500000,0x0000003921600000) (1024K)]

[error occurred during error reporting (printing all threads), id 0xc0000005, EXCEPTION_ACCESS_VIOLATION (0xc0000005) at pc=0x00007ffb3935591a]
VM state: not at safepoint (not fully initialized)

VM Mutex/Monitor currently owned by a thread:  ([mutex/lock_event])
[0x00007ffb39db6548] Heap_lock - owner thread: 0x000001f26f5c67a0

Heap address: 0x0000000705e00000, size: 4002 MB, Compressed Oops mode: Zero based, Oop shift amount: 3

CDS archive(s) mapped at: [0x0000000000000000-0x0000000000000000-0x0000000000000000), size 0, SharedBaseAddress: 0x0000000800000000, ArchiveRelocationMode: 1.
UseCompressedClassPointers 1, UseCompactObjectHeaders 0
Narrow klass pointer bits 32, Max shift 3
Narrow klass base: 0xffffffffffffffff, Narrow klass shift: -1
Encoding Range: [0xffffffffffffffff - 0x000000007fffffff), (2147483648 bytes)
Klass Range:    [0x0000000000000000 - 0x0000000000000000), (0 bytes)
Klass ID Range:  [4294967295 - 0) (1)
No protection zone.

GC Precious Log:
 CardTable entry size: 512
 Card Set container configuration: InlinePtr #cards 4 size 8 Array Of Cards #cards 16 size 48 Howl #buckets 8 coarsen threshold 3686 Howl Bitmap #cards 512 size 80 coarsen threshold 460 Card regions per heap region 1 cards per card region 4096

Heap:
 garbage-first heap   total reserved 4098048K, committed 0K, used 0K [0x0000000705e00000, 0x0000000800000000)
  region size 2048K, 0 young (0K), 0 survivors (0K)

Heap Regions: E=young(eden), S=young(survivor), O=old, HS=humongous(starts), HC=humongous(continues), CS=collection set, F=free, TAMS=top-at-mark-start, PB=parsable bottom

Card table byte_map: [0x000001f279200000,0x000001f2799e0000] _byte_map_base: 0x000001f2759d1000

Marking Bits: (CMBitMap*) 0x000001f26f630ff0
 Bits: [0x000001f2799e0000, 0x000001f27d868000)

GC Heap Usage History (0 events):
No events

Metaspace Usage History (0 events):
No events

Dll operation events (2 events):
Event: 0.014 Loaded shared library C:\Program Files\Eclipse Adoptium\jdk-25.0.2.10-hotspot\bin\java.dll
Event: 0.016 Loaded shared library C:\Program Files\Eclipse Adoptium\jdk-25.0.2.10-hotspot\bin\zip.dll

Deoptimization events (0 events):
No events

Classes loaded (0 events):
No events

Classes unloaded (0 events):
No events

Classes redefined (0 events):
No events

Internal exceptions (0 events):
No events

VM Operations (0 events):
No events

Memory protections (0 events):
No events

Nmethod flushes (0 events):
No events

Events (0 events):
No events


Dynamic libraries:
0x00007ff75f6c0000 - 0x00007ff75f6ce000 	C:\Program Files\Eclipse Adoptium\jdk-25.0.2.10-hotspot\bin\java.exe
0x00007ffc27a60000 - 0x00007ffc27cc7000 	C:\WINDOWS\SYSTEM32\ntdll.dll
0x00007ffc266d0000 - 0x00007ffc26799000 	C:\WINDOWS\System32\KERNEL32.DLL
0x00007ffc25350000 - 0x00007ffc25741000 	C:\WINDOWS\System32\KERNELBASE.dll
0x00007ffc24660000 - 0x00007ffc247ab000 	C:\WINDOWS\System32\ucrtbase.dll
0x00007ffc0c290000 - 0x00007ffc0c2ae000 	C:\Program Files\Eclipse Adoptium\jdk-25.0.2.10-hotspot\bin\VCRUNTIME140.dll
0x00007ffc0c2b0000 - 0x00007ffc0c2c6000 	C:\Program Files\Eclipse Adoptium\jdk-25.0.2.10-hotspot\bin\jli.dll
0x00007ffc25e70000 - 0x00007ffc26035000 	C:\WINDOWS\System32\USER32.dll
0x00007ffc24340000 - 0x00007ffc24367000 	C:\WINDOWS\System32\win32u.dll
0x00007ffc063f0000 - 0x00007ffc06683000 	C:\WINDOWS\WinSxS\amd64_microsoft.windows.common-controls_6595b64144ccf1df_6.0.26100.8037_none_3e092faae333b53b\COMCTL32.dll
0x00007ffc27250000 - 0x00007ffc272f9000 	C:\WINDOWS\System32\msvcrt.dll
0x00007ffc27820000 - 0x00007ffc2784b000 	C:\WINDOWS\System32\GDI32.dll
0x00007ffc24920000 - 0x00007ffc24a4b000 	C:\WINDOWS\System32\gdi32full.dll
0x00007ffc25750000 - 0x00007ffc257f3000 	C:\WINDOWS\System32\msvcp_win.dll
0x00007ffc26040000 - 0x00007ffc26071000 	C:\WINDOWS\System32\IMM32.DLL
0x00007ffc1e5e0000 - 0x00007ffc1e5ec000 	C:\Program Files\Eclipse Adoptium\jdk-25.0.2.10-hotspot\bin\vcruntime140_1.dll
0x00007ffbf93a0000 - 0x00007ffbf942d000 	C:\Program Files\Eclipse Adoptium\jdk-25.0.2.10-hotspot\bin\msvcp140.dll
0x00007ffb38f80000 - 0x00007ffb39ea6000 	C:\Program Files\Eclipse Adoptium\jdk-25.0.2.10-hotspot\bin\server\jvm.dll
0x00007ffc278e0000 - 0x00007ffc2799b000 	C:\WINDOWS\System32\ADVAPI32.dll
0x00007ffc275f0000 - 0x00007ffc27697000 	C:\WINDOWS\System32\sechost.dll
0x00007ffc265b0000 - 0x00007ffc266c8000 	C:\WINDOWS\System32\RPCRT4.dll
0x00007ffc271d0000 - 0x00007ffc27244000 	C:\WINDOWS\System32\WS2_32.dll
0x00007ffc22f00000 - 0x00007ffc22f5e000 	C:\WINDOWS\SYSTEM32\POWRPROF.dll
0x00007ffc1c860000 - 0x00007ffc1c86b000 	C:\WINDOWS\SYSTEM32\VERSION.dll
0x00007ffc18d70000 - 0x00007ffc18da5000 	C:\WINDOWS\SYSTEM32\WINMM.dll
0x00007ffc22ee0000 - 0x00007ffc22ef4000 	C:\WINDOWS\SYSTEM32\UMPDC.dll
0x00007ffc231b0000 - 0x00007ffc231cb000 	C:\WINDOWS\SYSTEM32\kernel.appcore.dll
0x00007ffc1e580000 - 0x00007ffc1e58a000 	C:\Program Files\Eclipse Adoptium\jdk-25.0.2.10-hotspot\bin\jimage.dll
0x00007ffc21ff0000 - 0x00007ffc22232000 	C:\WINDOWS\SYSTEM32\DBGHELP.DLL
0x00007ffc25ae0000 - 0x00007ffc25e62000 	C:\WINDOWS\System32\combase.dll
0x00007ffc267a0000 - 0x00007ffc26877000 	C:\WINDOWS\System32\OLEAUT32.dll
0x00007ffc01290000 - 0x00007ffc012cb000 	C:\WINDOWS\SYSTEM32\dbgcore.DLL
0x00007ffc24430000 - 0x00007ffc244d5000 	C:\WINDOWS\System32\bcryptPrimitives.dll
0x00007ffc1e4a0000 - 0x00007ffc1e4af000 	C:\Program Files\Eclipse Adoptium\jdk-25.0.2.10-hotspot\bin\instrument.dll
0x00007ffc0bec0000 - 0x00007ffc0bede000 	C:\Program Files\Eclipse Adoptium\jdk-25.0.2.10-hotspot\bin\java.dll
0x00007ffc273a0000 - 0x00007ffc27535000 	C:\WINDOWS\System32\ole32.dll
0x00007ffc26880000 - 0x00007ffc26fdf000 	C:\WINDOWS\System32\SHELL32.dll
0x00007ffc247b0000 - 0x00007ffc2491a000 	C:\WINDOWS\System32\wintypes.dll
0x00007ffc0be60000 - 0x00007ffc0be77000 	C:\Program Files\Eclipse Adoptium\jdk-25.0.2.10-hotspot\bin\zip.dll

JVMTI agents:
C:\Users\STerrible\AppData\Local\JetBrains\IdeaIC2025.2\captureAgent\debugger-agent.jar path:none, loaded, not initialized, instrumentlib options:file:///C:/Users/STERRI~1/AppData/Local/Temp/capture11199503634581973862.props
C:\Program Files\JetBrains\IntelliJ IDEA Community Edition 2025.2.1\lib\idea_rt.jar path:none, loaded, not initialized, instrumentlib options:50853

dbghelp: loaded successfully - version: 4.0.5 - missing functions: none
symbol engine: initialized successfully - sym options: 0x614 - pdb path: .;C:\Program Files\Eclipse Adoptium\jdk-25.0.2.10-hotspot\bin;C:\WINDOWS\SYSTEM32;C:\WINDOWS\WinSxS\amd64_microsoft.windows.common-controls_6595b64144ccf1df_6.0.26100.8037_none_3e092faae333b53b;C:\Program Files\Eclipse Adoptium\jdk-25.0.2.10-hotspot\bin\server

VM Arguments:
jvm_args: -javaagent:C:\Users\STerrible\AppData\Local\JetBrains\IdeaIC2025.2\captureAgent\debugger-agent.jar=file:///C:/Users/STERRI~1/AppData/Local/Temp/capture11199503634581973862.props -ea -XX:+EnableDynamicAgentLoading -Didea.test.cyclic.buffer.size=1048576 -javaagent:C:\Program Files\JetBrains\IntelliJ IDEA Community Edition 2025.2.1\lib\idea_rt.jar=50853 -Dkotlinx.coroutines.debug.enable.creation.stack.trace=false -Ddebugger.agent.enable.coroutines=true -Dkotlinx.coroutines.debug.enable.flows.stack.trace=true -Dkotlinx.coroutines.debug.enable.mutable.state.flows.stack.trace=true -Dfile.encoding=UTF-8 -Dsun.stdout.encoding=UTF-8 -Dsun.stderr.encoding=UTF-8 
java_command: com.intellij.rt.junit.JUnitStarter -ideVersion5 -junit5 backend.academy.linktracker.scrapper.LinkUpdateSchedulerTest
java_class_path (initial): C:\Users\STerrible\.m2\repository\org\junit\platform\junit-platform-launcher\6.0.2\junit-platform-launcher-6.0.2.jar;C:\Program Files\JetBrains\IntelliJ IDEA Community Edition 2025.2.1\lib\idea_rt.jar;C:\Program Files\JetBrains\IntelliJ IDEA Community Edition 2025.2.1\plugins\junit\lib\junit5-rt.jar;C:\Program Files\JetBrains\IntelliJ IDEA Community Edition 2025.2.1\plugins\junit\lib\junit-rt.jar;C:\Users\STerrible\IdeaProjects\link-tracker\scrapper\target\test-classes;C:\Users\STerrible\IdeaProjects\link-tracker\scrapper\target\classes;C:\Users\STerrible\.m2\repository\org\springframework\boot\spring-boot-starter-webmvc\4.0.2\spring-boot-starter-webmvc-4.0.2.jar;C:\Users\STerrible\.m2\repository\org\springframework\boot\spring-boot-starter\4.0.2\spring-boot-starter-4.0.2.jar;C:\Users\STerrible\.m2\repository\org\springframework\boot\spring-boot-starter-logging\4.0.2\spring-boot-starter-logging-4.0.2.jar;C:\Users\STerrible\.m2\repository\ch\qos\logback\logback-classic\1.5.25\logback-classic-1.5.25.jar;C:\Users\STerrible\.m2\repository\ch\qos\logback\logback-core\1.5.25\logback-core-1.5.25.jar;C:\Users\STerrible\.m2\repository\org\apache\logging\log4j\log4j-to-slf4j\2.25.3\log4j-to-slf4j-2.25.3.jar;C:\Users\STerrible\.m2\repository\org\apache\logging\log4j\log4j-api\2.25.3\log4j-api-2.25.3.jar;C:\Users\STerrible\.m2\repository\org\slf4j\jul-to-slf4j\2.0.17\jul-to-slf4j-2.0.17.jar;C:\Users\STerrible\.m2\repository\jakarta\annotation\jakarta.annotation-api\3.0.0\jakarta.annotation-api-3.0.0.jar;C:\Users\STerrible\.m2\repository\org\springframework\boot\spring-boot-starter-jackson\4.0.2\spring-boot-starter-jackson-4.0.2.jar;C:\Users\STerrible\.m2\repository\org\springframework\boot\spring-boot-jackson\4.0.2\spring-boot-jackson-4.0.2.jar;C:\Users\STerrible\.m2\repository\tools\jackson\core\jackson-databind\3.0.4\jackson-databind-3.0.4.jar;C:\Users\STerrible\.m2\repository\tools\jackson\core\jackson-core\3.0.4\jackson-core-3.0.4.jar;C:\Users\STerrible\.m2\repository\org\springframework\boot\spring-boot-starter-tomcat\4.0.2\spring-boot-starter-tomcat-4.0.2.jar;C:\Users\STerrible\.m2\repository\org\springframework\boot\spring-boot-starter-tomcat-runtime\4.0.2\spring-boot-starter-tomcat-runtime-4.0.2.jar;C:\Users\STerrible\.m2\repository\org\apache\tomcat\embed\tomcat-embed-core\11.0.15\tomcat-embed-core-11.0.15.jar;C:\Users\STerrible\.m2\repository\org\apache\tomcat\embed\tomcat-embed-websocket\11.0.15\tomcat-embed-websocket-11.0.15.jar;C:\Users\STerrible\.m2\repository\org\springframework\boot\spring-boot-tomcat\4.0.2\spring-boot-tomcat-4.0.2.jar;C:\Users\STerrible\.m2\repository\org\springframework\boot\spring-boot-http-converter\4.0.2\spring-boot-http-converter-4.0.2.jar;C:\Users\STerrible\.m2\repository\org\springframework\spring-web\7.0.3\spring-web-7.0.3.jar;C:\Users\STerrible\.m2\repository\org\springframework\boot\spring-boot-webmvc\4.0.2\spring-boot-webmvc-4.0.2.jar;C:\Users\STerrible\.m2\repository\org\springframework\boot\spring-boot-servlet\4.0.2\spring-boot-servlet-4.0.2.jar;C:\Users\STerrible\.m2\repository\org\springframework\spring-webmvc\7.0.3\spring-webmvc-7.0.3.jar;C:\Users\STerrible\.m2\repository\org\springframework\spring-expression\7.0.3\spring-expression-7.0.3.jar;C:\Users\STerrible\.m2\repository\org\springframework\boot\spring-boot-starter-aspectj\4.0.2\spring-boot-starter-aspectj-4.0.2.jar;C:\Users\STerrible\.m2\repository\org\springframework\spring-aop\7.0.3\spring-aop-7.0.3.jar;C:\Users\STerrible\.m2\repository\org\springframework\spring-beans\7.0.3\spring-beans-7.0.3.jar;C:\Users\STerrible\.m2\repository\org\springframework\spring-core\7.0.3\spring-core-7.0.3.jar;C:\Users\STerrible\.m2\repository\commons-logging\commons-logging\1.3.5\commons-logging-1.3.5.jar;C:\Users\STerrible\.m2\repository\org\aspectj\aspectjweaver\1.9.25.1\aspectjweaver-1.9.25.1.jar;C:\Users\STerrible\.m2\repository\org\springframework\boot\spring-boot-starter-validation\4.0.2\spring-boot-starter-validation-4.0.2.jar;C:\Users\STerrible\.m2\repository\org\springframework\boot\spring-boot-validation\4.0.2\spring-boot-validation-4.0.2.jar;C:\Users\STerrible\.m2\repository\org\apache\tomcat\embed\tomcat-embed-el\11.0.15\tomcat-embed-el-11.0.15.jar;C:\Users\STerrible\.m2\repository\org\hibernate\validator\hibernate-validator\9.0.1.Final\hibernate-validator-9.0.1.Final.jar;C:\Users\STerrible\.m2\repository\jakarta\validation\jakarta.validation-api\3.1.1\jakarta.validation-api-3.1.1.jar;C:\Users\STerrible\.m2\repository\org\jboss\logging\jboss-logging\3.6.1.Final\jboss-logging-3.6.1.Final.jar;C:\Users\STerrible\.m2\repository\com\fasterxml\classmate\1.7.3\classmate-1.7.3.jar;C:\Users\STerrible\.m2\repository\org\springframework\boot\spring-boot-starter-restclient\4.0.2\spring-boot-starter-restclient-4.0.2.jar;C:\Users\STerrible\.m2\repository\org\springframework\boot\spring-boot-restclient\4.0.2\spring-boot-restclient-4.0.2.jar;C:\Users\STerrible\.m2\repository\org\springframework\boot\spring-boot-http-client\4.0.2\spring-boot-http-client-4.0.2.jar;C:\Users\STerrible\.m2\repository\org\springframework\boot\spring-boot-starter-cache\4.0.2\spring-boot-starter-cache-4.0.2.jar;C:\Users\STerrible\.m2\repository\org\springframework\boot\spring-boot-cache\4.0.2\spring-boot-cache-4.0.2.jar;C:\Users\STerrible\.m2\repository\org\springframework\spring-context-support\7.0.3\spring-context-support-7.0.3.jar;C:\Users\STerrible\.m2\repository\org\springframework\cloud\spring-cloud-starter-circuitbreaker-resilience4j\5.0.1\spring-cloud-starter-circuitbreaker-resilience4j-5.0.1.jar;C:\Users\STerrible\.m2\repository\org\springframework\cloud\spring-cloud-starter\5.0.1\spring-cloud-starter-5.0.1.jar;C:\Users\STerrible\.m2\repository\org\springframework\cloud\spring-cloud-context\5.0.1\spring-cloud-context-5.0.1.jar;C:\Users\STerrible\.m2\repository\org\springframework\security\spring-security-crypto\7.0.2\spring-security-crypto-7.0.2.jar;C:\Users\STerrible\.m2\repository\org\springframework\cloud\spring-cloud-commons\5.0.1\spring-cloud-commons-5.0.1.jar;C:\Users\STerrible\.m2\repository\org\bouncycastle\bcprov-jdk18on\1.81\bcprov-jdk18on-1.81.jar;C:\Users\STerrible\.m2\repository\org\springframework\cloud\spring-cloud-circuitbreaker-resilience4j\5.0.1\spring-cloud-circuitbreaker-resilience4j-5.0.1.jar;C:\Users\STerrible\.m2\repository\com\fasterxml\jackson\core\jackson-core\2.20.2\jackson-core-2.20.2.jar;C:\Users\STerrible\.m2\repository\com\fasterxml\jackson\core\jackson-databind\2.20.2\jackson-databind-2.20.2.jar;C:\Users\STerrible\.m2\repository\io\github\resilience4j\resilience4j-spring-boot3\2.3.0\resilience4j-spring-boot3-2.3.0.jar;C:\Users\STerrible\.m2\repository\io\github\resilience4j\resilience4j-spring6\2.3.0\resilience4j-spring6-2.3.0.jar;C:\Users\STerrible\.m2\repository\io\github\resilience4j\resilience4j-annotations\2.3.0\resilience4j-annotations-2.3.0.jar;C:\Users\STerrible\.m2\repository\io\github\resilience4j\resilience4j-consumer\2.3.0\resilience4j-consumer-2.3.0.jar;C:\Users\STerrible\.m2\repository\io\github\resilience4j\resilience4j-circularbuffer\2.3.0\resilience4j-circularbuffer-2.3.0.jar;C:\Users\STerrible\.m2\repository\io\github\resilience4j\resilience4j-framework-common\2.3.0\resilience4j-framework-common-2.3.0.jar;C:\Users\STerrible\.m2\repository\io\github\resilience4j\resilience4j-micrometer\2.3.0\resilience4j-micrometer-2.3.0.jar;C:\Users\STerrible\.m2\repository\io\github\resilience4j\resilience4j-retry\2.3.0\resilience4j-retry-2.3.0.jar;C:\Users\STerrible\.m2\repository\io\github\resilience4j\resilience4j-ratelimiter\2.3.0\resilience4j-ratelimiter-2.3.0.jar;C:\Users\STerrible\.m2\repository\org\springframework\boot\spring-boot-configuration-processor\4.0.2\spring-boot-configuration-processor-4.0.2.jar;C:\Users\STerrible\.m2\repository\io\github\resilience4j\resilience4j-circuitbreaker\2.3.0\resilience4j-circuitbreaker-2.3.0.jar;C:\Users\STerrible\.m2\repository\io\github\resilience4j\resilience4j-core\2.3.0\resilience4j-core-2.3.0.jar;C:\Users\STerrible\.m2\repository\org\jetbrains\kotlin\kotlin-stdlib-jdk8\2.2.21\kotlin-stdlib-jdk8-2.2.21.jar;C:\Users\STerrible\.m2\repository\org\jetbrains\kotlin\kotlin-stdlib\2.2.21\kotlin-stdlib-2.2.21.jar;C:\Users\STerrible\.m2\repository\org\jetbrains\kotlin\kotlin-stdlib-jdk7\2.2.21\kotlin-stdlib-jdk7-2.2.21.jar;C:\Users\STerrible\.m2\repository\org\slf4j\slf4j-api\2.0.17\slf4j-api-2.0.17.jar;C:\Users\STerrible\.m2\repository\io\github\resilience4j\resilience4j-timelimiter\2.3.0\resilience4j-timelimiter-2.3.0.jar;C:\Users\STerrible\.m2\repository\org\springframework\boot\spring-boot-starter-actuator\4.0.2\spring-boot-starter-actuator-4.0.2.jar;C:\Users\STerrible\.m2\repository\org\springframework\boot\spring-boot-starter-micrometer-metrics\4.0.2\spring-boot-starter-micrometer-metrics-4.0.2.jar;C:\Users\STerrible\.m2\repository\org\springframework\boot\spring-boot-micrometer-metrics\4.0.2\spring-boot-micrometer-metrics-4.0.2.jar;C:\Users\STerrible\.m2\repository\org\springframework\boot\spring-boot-micrometer-observation\4.0.2\spring-boot-micrometer-observation-4.0.2.jar;C:\Users\STerrible\.m2\repository\org\springframework\boot\spring-boot-actuator-autoconfigure\4.0.2\spring-boot-actuator-autoconfigure-4.0.2.jar;C:\Users\STerrible\.m2\repository\org\springframework\boot\spring-boot-actuator\4.0.2\spring-boot-actuator-4.0.2.jar;C:\Users\STerrible\.m2\repository\org\springframework\boot\spring-boot-health\4.0.2\spring-boot-health-4.0.2.jar;C:\Users\STerrible\.m2\repository\io\micrometer\micrometer-observation\1.16.2\micrometer-observation-1.16.2.jar;C:\Users\STerrible\.m2\repository\io\micrometer\micrometer-commons\1.16.2\micrometer-commons-1.16.2.jar;C:\Users\STerrible\.m2\repository\io\micrometer\micrometer-jakarta9\1.16.2\micrometer-jakarta9-1.16.2.jar;C:\Users\STerrible\.m2\repository\io\micrometer\micrometer-core\1.16.2\micrometer-core-1.16.2.jar;C:\Users\STerrible\.m2\repository\org\hdrhistogram\HdrHistogram\2.2.2\HdrHistogram-2.2.2.jar;C:\Users\STerrible\.m2\repository\org\latencyutils\LatencyUtils\2.0.3\LatencyUtils-2.0.3.jar;C:\Users\STerrible\.m2\repository\org\springframework\boot\spring-boot-starter-jdbc\4.0.2\spring-boot-starter-jdbc-4.0.2.jar;C:\Users\STerrible\.m2\repository\org\springframework\boot\spring-boot-jdbc\4.0.2\spring-boot-jdbc-4.0.2.jar;C:\Users\STerrible\.m2\repository\org\springframework\boot\spring-boot-sql\4.0.2\spring-boot-sql-4.0.2.jar;C:\Users\STerrible\.m2\repository\org\springframework\boot\spring-boot-transaction\4.0.2\spring-boot-transaction-4.0.2.jar;C:\Users\STerrible\.m2\repository\org\springframework\boot\spring-boot-persistence\4.0.2\spring-boot-persistence-4.0.2.jar;C:\Users\STerrible\.m2\repository\org\springframework\spring-tx\7.0.3\spring-tx-7.0.3.jar;C:\Users\STerrible\.m2\repository\org\springframework\spring-jdbc\7.0.3\spring-jdbc-7.0.3.jar;C:\Users\STerrible\.m2\repository\com\zaxxer\HikariCP\7.0.2\HikariCP-7.0.2.jar;C:\Users\STerrible\.m2\repository\org\springframework\boot\spring-boot-starter-data-jpa\4.0.2\spring-boot-starter-data-jpa-4.0.2.jar;C:\Users\STerrible\.m2\repository\org\springframework\boot\spring-boot-data-jpa\4.0.2\spring-boot-data-jpa-4.0.2.jar;C:\Users\STerrible\.m2\repository\org\springframework\boot\spring-boot-data-commons\4.0.2\spring-boot-data-commons-4.0.2.jar;C:\Users\STerrible\.m2\repository\org\springframework\data\spring-data-commons\4.0.2\spring-data-commons-4.0.2.jar;C:\Users\STerrible\.m2\repository\org\springframework\boot\spring-boot-hibernate\4.0.2\spring-boot-hibernate-4.0.2.jar;C:\Users\STerrible\.m2\repository\org\springframework\boot\spring-boot-jpa\4.0.2\spring-boot-jpa-4.0.2.jar;C:\Users\STerrible\.m2\repository\jakarta\persistence\jakarta.persistence-api\3.2.0\jakarta.persistence-api-3.2.0.jar;C:\Users\STerrible\.m2\repository\org\hibernate\orm\hibernate-core\7.2.1.Final\hibernate-core-7.2.1.Final.jar;C:\Users\STerrible\.m2\repository\jakarta\transaction\jakarta.transaction-api\2.0.1\jakarta.transaction-api-2.0.1.jar;C:\Users\STerrible\.m2\repository\org\hibernate\models\hibernate-models\1.0.1\hibernate-models-1.0.1.jar;C:\Users\STerrible\.m2\repository\org\glassfish\jaxb\jaxb-runtime\4.0.6\jaxb-runtime-4.0.6.jar;C:\Users\STerrible\.m2\repository\org\glassfish\jaxb\jaxb-core\4.0.6\jaxb-core-4.0.6.jar;C:\Users\STerrible\.m2\repository\org\eclipse\angus\angus-activation\2.0.3\angus-activation-2.0.3.jar;C:\Users\STerrible\.m2\repository\org\glassfish\jaxb\txw2\4.0.6\txw2-4.0.6.jar;C:\Users\STerrible\.m2\repository\com\sun\istack\istack-commons-runtime\4.1.2\istack-commons-runtime-4.1.2.jar;C:\Users\STerrible\.m2\repository\jakarta\inject\jakarta.inject-api\2.0.1\jakarta.inject-api-2.0.1.jar;C:\Users\STerrible\.m2\repository\org\springframework\spring-orm\7.0.3\spring-orm-7.0.3.jar;C:\Users\STerrible\.m2\repository\org\springframework\data\spring-data-jpa\4.0.2\spring-data-jpa-4.0.2.jar;C:\Users\STerrible\.m2\repository\org\antlr\antlr4-runtime\4.13.2\antlr4-runtime-4.13.2.jar;C:\Users\STerrible\.m2\repository\org\springframework\spring-aspects\7.0.3\spring-aspects-7.0.3.jar;C:\Users\STerrible\.m2\repository\org\liquibase\liquibase-core\5.0.1\liquibase-core-5.0.1.jar;C:\Users\STerrible\.m2\repository\com\opencsv\opencsv\5.12.0\opencsv-5.12.0.jar;C:\Users\STerrible\.m2\repository\org\yaml\snakeyaml\2.5\snakeyaml-2.5.jar;C:\Users\STerrible\.m2\repository\javax\xml\bind\jaxb-api\2.3.1\jaxb-api-2.3.1.jar;C:\Users\STerrible\.m2\repository\org\postgresql\postgresql\42.7.9\postgresql-42.7.9.jar;C:\Users\STerrible\.m2\repository\org\checkerframework\checker-qual\3.52.0\checker-qual-3.52.0.jar;C:\Users\STerrible\.m2\repository\org\springdoc\springdoc-openapi-starter-webmvc-ui\3.0.1\springdoc-openapi-starter-webmvc-ui-3.0.1.jar;C:\Users\STerrible\.m2\repository\org\springdoc\springdoc-openapi-starter-webmvc-api\3.0.1\springdoc-openapi-starter-webmvc-api-3.0.1.jar;C:\Users\STerrible\.m2\repository\org\springdoc\springdoc-openapi-starter-common\3.0.1\springdoc-openapi-starter-common-3.0.1.jar;C:\Users\STerrible\.m2\repository\io\swagger\core\v3\swagger-core-jakarta\2.2.41\swagger-core-jakarta-2.2.41.jar;C:\Users\STerrible\.m2\repository\io\swagger\core\v3\swagger-annotations-jakarta\2.2.41\swagger-annotations-jakarta-2.2.41.jar;C:\Users\STerrible\.m2\repository\io\swagger\core\v3\swagger-models-jakarta\2.2.41\swagger-models-jakarta-2.2.41.jar;C:\Users\STerrible\.m2\repository\org\springframework\boot\spring-boot-web-server\4.0.2\spring-boot-web-server-4.0.2.jar;C:\Users\STerrible\.m2\repository\org\webjars\swagger-ui\5.31.0\swagger-ui-5.31.0.jar;C:\Users\STerrible\.m2\repository\org\webjars\webjars-locator-lite\1.1.3\webjars-locator-lite-1.1.3.jar;C:\Users\STerrible\.m2\repository\com\google\guava\guava\33.5.0-jre\guava-33.5.0-jre.jar;C:\Users\STerrible\.m2\repository\com\google\guava\failureaccess\1.0.3\failureaccess-1.0.3.jar;C:\Users\STerrible\.m2\repository\com\google\guava\listenablefuture\9999.0-empty-to-avoid-conflict-with-guava\listenablefuture-9999.0-empty-to-avoid-conflict-with-guava.jar;C:\Users\STerrible\.m2\repository\org\jspecify\jspecify\1.0.0\jspecify-1.0.0.jar;C:\Users\STerrible\.m2\repository\com\google\errorprone\error_prone_annotations\2.41.0\error_prone_annotations-2.41.0.jar;C:\Users\STerrible\.m2\repository\com\google\j2objc\j2objc-annotations\3.1\j2objc-annotations-3.1.jar;C:\Users\STerrible\.m2\repository\org\apache\commons\commons-collections4\4.5.0\commons-collections4-4.5.0.jar;C:\Users\STerrible\.m2\repository\org\apache\commons\commons-lang3\3.19.0\commons-lang3-3.19.0.jar;C:\Users\STerrible\.m2\repository\org\apache\commons\commons-text\1.15.0\commons-text-1.15.0.jar;C:\Users\STerrible\.m2\repository\org\apache\commons\commons-compress\1.28.0\commons-compress-1.28.0.jar;C:\Users\STerrible\.m2\repository\commons-io\commons-io\2.21.0\commons-io-2.21.0.jar;C:\Users\STerrible\.m2\repository\commons-codec\commons-codec\1.21.0\commons-codec-1.21.0.jar;C:\Users\STerrible\.m2\repository\org\springframework\boot\spring-boot-devtools\4.0.2\spring-boot-devtools-4.0.2.jar;C:\Users\STerrible\.m2\repository\org\springframework\boot\spring-boot\4.0.2\spring-boot-4.0.2.jar;C:\Users\STerrible\.m2\repository\org\springframework\spring-context\7.0.3\spring-context-7.0.3.jar;C:\Users\STerrible\.m2\repository\org\springframework\boot\spring-boot-autoconfigure\4.0.2\spring-boot-autoconfigure-4.0.2.jar;C:\Users\STerrible\.m2\repository\org\springframework\boot\spring-boot-starter-webmvc-test\4.0.2\spring-boot-starter-webmvc-test-4.0.2.jar;C:\Users\STerrible\.m2\repository\org\springframework\boot\spring-boot-starter-jackson-test\4.0.2\spring-boot-starter-jackson-test-4.0.2.jar;C:\Users\STerrible\.m2\repository\org\springframework\boot\spring-boot-starter-test\4.0.2\spring-boot-starter-test-4.0.2.jar;C:\Users\STerrible\.m2\repository\org\springframework\boot\spring-boot-test\4.0.2\spring-boot-test-4.0.2.jar;C:\Users\STerrible\.m2\repository\org\springframework\boot\spring-boot-test-autoconfigure\4.0.2\spring-boot-test-autoconfigure-4.0.2.jar;C:\Users\STerrible\.m2\repository\com\jayway\jsonpath\json-path\2.10.0\json-path-2.10.0.jar;C:\Users\STerrible\.m2\repository\jakarta\xml\bind\jakarta.xml.bind-api\4.0.4\jakarta.xml.bind-api-4.0.4.jar;C:\Users\STerrible\.m2\repository\jakarta\activation\jakarta.activation-api\2.1.4\jakarta.activation-api-2.1.4.jar;C:\Users\STerrible\.m2\repository\net\minidev\json-smart\2.6.0\json-smart-2.6.0.jar;C:\Users\STerrible\.m2\repository\net\minidev\accessors-smart\2.6.0\accessors-smart-2.6.0.jar;C:\Users\STerrible\.m2\repository\org\ow2\asm\asm\9.7.1\asm-9.7.1.jar;C:\Users\STerrible\.m2\repository\org\assertj\assertj-core\3.27.6\assertj-core-3.27.6.jar;C:\Users\STerrible\.m2\repository\net\bytebuddy\byte-buddy\1.17.8\byte-buddy-1.17.8.jar;C:\Users\STerrible\.m2\repository\org\junit\jupiter\junit-jupiter\6.0.2\junit-jupiter-6.0.2.jar;C:\Users\STerrible\.m2\repository\org\junit\jupiter\junit-jupiter-api\6.0.2\junit-jupiter-api-6.0.2.jar;C:\Users\STerrible\.m2\repository\org\opentest4j\opentest4j\1.3.0\opentest4j-1.3.0.jar;C:\Users\STerrible\.m2\repository\org\junit\platform\junit-platform-commons\6.0.2\junit-platform-commons-6.0.2.jar;C:\Users\STerrible\.m2\repository\org\apiguardian\apiguardian-api\1.1.2\apiguardian-api-1.1.2.jar;C:\Users\STerrible\.m2\repository\org\junit\jupiter\junit-jupiter-params\6.0.2\junit-jupiter-params-6.0.2.jar;C:\Users\STerrible\.m2\repository\org\junit\jupiter\junit-jupiter-engine\6.0.2\junit-jupiter-engine-6.0.2.jar;C:\Users\STerrible\.m2\repository\org\junit\platform\junit-platform-engine\6.0.2\junit-platform-engine-6.0.2.jar;C:\Users\STerrible\.m2\repository\org\mockito\mockito-core\5.20.0\mockito-core-5.20.0.jar;C:\Users\STerrible\.m2\repository\net\bytebuddy\byte-buddy-agent\1.17.8\byte-buddy-agent-1.17.8.jar;C:\Users\STerrible\.m2\repository\org\objenesis\objenesis\3.3\objenesis-3.3.jar;C:\Users\STerrible\.m2\repository\org\mockito\mockito-junit-jupiter\5.20.0\mockito-junit-jupiter-5.20.0.jar;C:\Users\STerrible\.m2\repository\org\skyscreamer\jsonassert\1.5.3\jsonassert-1.5.3.jar;C:\Users\STerrible\.m2\repository\com\vaadin\external\google\android-json\0.0.20131108.vaadin1\android-json-0.0.20131108.vaadin1.jar;C:\Users\STerrible\.m2\repository\org\springframework\spring-test\7.0.3\spring-test-7.0.3.jar;C:\Users\STerrible\.m2\repository\org\xmlunit\xmlunit-core\2.10.4\xmlunit-core-2.10.4.jar;C:\Users\STerrible\.m2\repository\org\springframework\boot\spring-boot-webmvc-test\4.0.2\spring-boot-webmvc-test-4.0.2.jar;C:\Users\STerrible\.m2\repository\org\springframework\boot\spring-boot-resttestclient\4.0.2\spring-boot-resttestclient-4.0.2.jar;C:\Users\STerrible\.m2\repository\org\springframework\boot\spring-boot-testcontainers\4.0.2\spring-boot-testcontainers-4.0.2.jar;C:\Users\STerrible\.m2\repository\org\testcontainers\testcontainers\2.0.3\testcontainers-2.0.3.jar;C:\Users\STerrible\.m2\repository\org\rnorth\duct-tape\duct-tape\1.0.8\duct-tape-1.0.8.jar;C:\Users\STerrible\.m2\repository\org\jetbrains\annotations\17.0.0\annotations-17.0.0.jar;C:\Users\STerrible\.m2\repository\com\github\docker-java\docker-java-api\3.7.0\docker-java-api-3.7.0.jar;C:\Users\STerrible\.m2\repository\com\github\docker-java\docker-java-transport-zerodep\3.7.0\docker-java-transport-zerodep-3.7.0.jar;C:\Users\STerrible\.m2\repository\com\github\docker-java\docker-java-transport\3.7.0\docker-java-transport-3.7.0.jar;C:\Users\STerrible\.m2\repository\net\java\dev\jna\jna\5.18.1\jna-5.18.1.jar;C:\Users\STerrible\.m2\repository\org\testcontainers\testcontainers-junit-jupiter\2.0.3\testcontainers-junit-jupiter-2.0.3.jar;C:\Users\STerrible\.m2\repository\org\testcontainers\testcontainers-postgresql\2.0.3\testcontainers-postgresql-2.0.3.jar;C:\Users\STerrible\.m2\repository\org\testcontainers\testcontainers-jdbc\2.0.3\testcontainers-jdbc-2.0.3.jar;C:\Users\STerrible\.m2\repository\org\testcontainers\testcontainers-database-commons\2.0.3\testcontainers-database-commons-2.0.3.jar;C:\Users\STerrible\.m2\repository\org\testcontainers\testcontainers-kafka\2.0.3\testcontainers-kafka-2.0.3.jar;C:\Users\STerrible\.m2\repository\com\redis\testcontainers-redis\2.2.4\testcontainers-redis-2.2.4.jar;C:\Users\STerrible\.m2\repository\com\redis\testcontainers-redis-common\2.2.4\testcontainers-redis-common-2.2.4.jar;C:\Users\STerrible\.m2\repository\org\wiremock\integrations\wiremock-spring-boot-standalone\4.1.0\wiremock-spring-boot-standalone-4.1.0.jar;C:\Users\STerrible\.m2\repository\org\wiremock\integrations\wiremock-spring-boot\4.1.0\wiremock-spring-boot-4.1.0.jar;C:\Users\STerrible\.m2\repository\org\wiremock\wiremock-standalone\3.13.2\wiremock-standalone-3.13.2.jar;C:\Users\STerrible\.m2\repository\org\wiremock\wiremock-grpc-extension\0.11.0\wiremock-grpc-extension-0.11.0.jar;C:\Users\STerrible\.m2\repository\org\wiremock\wiremock\3.13.1\wiremock-3.13.1.jar;C:\Users\STerrible\.m2\repository\org\eclipse\jetty\jetty-server\12.1.5\jetty-server-12.1.5.jar;C:\Users\STerrible\.m2\repository\org\eclipse\jetty\jetty-http\12.1.5\jetty-http-12.1.5.jar;C:\Users\STerrible\.m2\repository\org\eclipse\jetty\jetty-io\12.1.5\jetty-io-12.1.5.jar;C:\Users\STerrible\.m2\repository\org\eclipse\jetty\jetty-servlet\11.0.24\jetty-servlet-11.0.24.jar;C:\Users\STerrible\.m2\repository\org\eclipse\jetty\jetty-security\12.1.5\jetty-security-12.1.5.jar;C:\Users\STerrible\.m2\repository\org\eclipse\jetty\jetty-servlets\11.0.24\jetty-servlets-11.0.24.jar;C:\Users\STerrible\.m2\repository\org\eclipse\jetty\jetty-util\12.1.5\jetty-util-12.1.5.jar;C:\Users\STerrible\.m2\repository\org\eclipse\jetty\jetty-webapp\11.0.24\jetty-webapp-11.0.24.jar;C:\Users\STerrible\.m2\repository\org\eclipse\jetty\jetty-xml\12.1.5\jetty-xml-12.1.5.jar;C:\Users\STerrible\.m2\repository\org\eclipse\jetty\jetty-proxy\12.1.5\jetty-proxy-12.1.5.jar;C:\Users\STerrible\.m2\repository\org\eclipse\jetty\jetty-client\12.1.5\jetty-client-12.1.5.jar;C:\Users\STerrible\.m2\repository\org\eclipse\jetty\compression\jetty-compression-gzip\12.1.5\jetty-compression-gzip-12.1.5.jar;C:\Users\STerrible\.m2\repository\org\eclipse\jetty\compression\jetty-compression-common\12.1.5\jetty-compression-common-12.1.5.jar;C:\Users\STerrible\.m2\repository\org\eclipse\jetty\http2\http2-server\11.0.24\http2-server-11.0.24.jar;C:\Users\STerrible\.m2\repository\org\eclipse\jetty\http2\http2-common\11.0.24\http2-common-11.0.24.jar;C:\Users\STerrible\.m2\repository\org\eclipse\jetty\http2\http2-hpack\11.0.24\http2-hpack-11.0.24.jar;C:\Users\STerrible\.m2\repository\org\eclipse\jetty\jetty-alpn-server\12.1.5\jetty-alpn-server-12.1.5.jar;C:\Users\STerrible\.m2\repository\org\eclipse\jetty\jetty-alpn-java-server\12.1.5\jetty-alpn-java-server-12.1.5.jar;C:\Users\STerrible\.m2\repository\org\eclipse\jetty\jetty-alpn-java-client\12.1.5\jetty-alpn-java-client-12.1.5.jar;C:\Users\STerrible\.m2\repository\org\eclipse\jetty\jetty-alpn-client\12.1.5\jetty-alpn-client-12.1.5.jar;C:\Users\STerrible\.m2\repository\com\fasterxml\jackson\core\jackson-annotations\2.20\jackson-annotations-2.20.jar;C:\Users\STerrible\.m2\repository\com\fasterxml\jackson\datatype\jackson-datatype-jsr310\2.20.2\jackson-datatype-jsr310-2.20.2.jar;C:\Users\STerrible\.m2\repository\org\apache\httpcomponents\client5\httpclient5\5.5.2\httpclient5-5.5.2.jar;C:\Users\STerrible\.m2\repository\org\apache\httpcomponents\core5\httpcore5\5.3.6\httpcore5-5.3.6.jar;C:\Users\STerrible\.m2\repository\org\apache\httpcomponents\core5\httpcore5-h2\5.3.6\httpcore5-h2-5.3.6.jar;C:\Users\STerrible\.m2\repository\org\xmlunit\xmlunit-legacy\2.10.4\xmlunit-legacy-2.10.4.jar;C:\Users\STerrible\.m2\repository\org\xmlunit\xmlunit-placeholders\2.10.4\xmlunit-placeholders-2.10.4.jar;C:\Users\STerrible\.m2\repository\net\javacrumbs\json-unit\json-unit-core\2.40.1\json-unit-core-2.40.1.jar;C:\Users\STerrible\.m2\repository\org\hamcrest\hamcrest-core\3.0\hamcrest-core-3.0.jar;C:\Users\STerrible\.m2\repository\net\sf\jopt-simple\jopt-simple\5.0.4\jopt-simple-5.0.4.jar;C:\Users\STerrible\.m2\repository\com\github\jknack\handlebars\4.3.1\handlebars-4.3.1.jar;C:\Users\STerrible\.m2\repository\com\github\jknack\handlebars-helpers\4.3.1\handlebars-helpers-4.3.1.jar;C:\Users\STerrible\.m2\repository\commons-fileupload\commons-fileupload\1.6.0\commons-fileupload-1.6.0.jar;C:\Users\STerrible\.m2\repository\com\networknt\json-schema-validator\1.5.7\json-schema-validator-1.5.7.jar;C:\Users\STerrible\.m2\repository\com\ethlo\time\itu\1.10.3\itu-1.10.3.jar;C:\Users\STerrible\.m2\repository\com\fasterxml\jackson\dataformat\jackson-dataformat-yaml\2.20.2\jackson-dataformat-yaml-2.20.2.jar;C:\Users\STerrible\.m2\repository\io\grpc\grpc-protobuf\1.77.1\grpc-protobuf-1.77.1.jar;C:\Users\STerrible\.m2\repository\io\grpc\grpc-api\1.77.1\grpc-api-1.77.1.jar;C:\Users\STerrible\.m2\repository\com\google\protobuf\protobuf-java\4.33.4\protobuf-java-4.33.4.jar;C:\Users\STerrible\.m2\repository\com\google\api\grpc\proto-google-common-protos\2.63.2\proto-google-common-protos-2.63.2.jar;C:\Users\STerrible\.m2\repository\io\grpc\grpc-protobuf-lite\1.77.1\grpc-protobuf-lite-1.77.1.jar;C:\Users\STerrible\.m2\repository\io\grpc\grpc-services\1.77.1\grpc-services-1.77.1.jar;C:\Users\STerrible\.m2\repository\io\grpc\grpc-core\1.77.1\grpc-core-1.77.1.jar;C:\Users\STerrible\.m2\repository\com\google\android\annotations\4.1.1.4\annotations-4.1.1.4.jar;C:\Users\STerrible\.m2\repository\io\grpc\grpc-context\1.77.1\grpc-context-1.77.1.jar;C:\Users\STerrible\.m2\repository\io\grpc\grpc-util\1.77.1\grpc-util-1.77.1.jar;C:\Users\STerrible\.m2\repository\com\google\code\gson\gson\2.13.2\gson-2.13.2.jar;C:\Users\STerrible\.m2\repository\io\grpc\grpc-stub\1.77.1\grpc-stub-1.77.1.jar;C:\Users\STerrible\.m2\repository\org\codehaus\mojo\animal-sniffer-annotations\1.24\animal-sniffer-annotations-1.24.jar;C:\Users\STerrible\.m2\repository\io\grpc\grpc-netty\1.77.1\grpc-netty-1.77.1.jar;C:\Users\STerrible\.m2\repository\io\netty\netty-codec-http2\4.2.9.Final\netty-codec-http2-4.2.9.Final.jar;C:\Users\STerrible\.m2\repository\io\netty\netty-common\4.2.9.Final\netty-common-4.2.9.Final.jar;C:\Users\STerrible\.m2\repository\io\netty\netty-buffer\4.2.9.Final\netty-buffer-4.2.9.Final.jar;C:\Users\STerrible\.m2\repository\io\netty\netty-transport\4.2.9.Final\netty-transport-4.2.9.Final.jar;C:\Users\STerrible\.m2\repository\io\netty\netty-resolver\4.2.9.Final\netty-resolver-4.2.9.Final.jar;C:\Users\STerrible\.m2\repository\io\netty\netty-codec-base\4.2.9.Final\netty-codec-base-4.2.9.Final.jar;C:\Users\STerrible\.m2\repository\io\netty\netty-handler\4.2.9.Final\netty-handler-4.2.9.Final.jar;C:\Users\STerrible\.m2\repository\io\netty\netty-codec-http\4.2.9.Final\netty-codec-http-4.2.9.Final.jar;C:\Users\STerrible\.m2\repository\io\netty\netty-codec-compression\4.2.9.Final\netty-codec-compression-4.2.9.Final.jar;C:\Users\STerrible\.m2\repository\io\netty\netty-handler-proxy\4.2.9.Final\netty-handler-proxy-4.2.9.Final.jar;C:\Users\STerrible\.m2\repository\io\netty\netty-codec-socks\4.2.9.Final\netty-codec-socks-4.2.9.Final.jar;C:\Users\STerrible\.m2\repository\io\perfmark\perfmark-api\0.27.0\perfmark-api-0.27.0.jar;C:\Users\STerrible\.m2\repository\io\netty\netty-transport-native-unix-common\4.2.9.Final\netty-transport-native-unix-common-4.2.9.Final.jar;C:\Users\STerrible\.m2\repository\io\grpc\grpc-servlet-jakarta\1.77.1\grpc-servlet-jakarta-1.77.1.jar;C:\Users\STerrible\.m2\repository\com\google\protobuf\protobuf-java-util\4.33.4\protobuf-java-util-4.33.4.jar;C:\Users\STerrible\.m2\repository\javax\annotation\javax.annotation-api\1.3.2\javax.annotation-api-1.3.2.jar;C:\Users\STerrible\.m2\repository\net\datafaker\datafaker\2.5.2\datafaker-2.5.2.jar;C:\Users\STerrible\.m2\repository\com\github\curious-odd-man\rgxgen\3.1\rgxgen-3.1.jar;C:\Users\STerrible\.m2\repository\com\googlecode\libphonenumber\libphonenumber\9.0.16\libphonenumber-9.0.16.jar;C:\Users\STerrible\.m2\repository\org\instancio\instancio-junit\5.5.1\instancio-junit-5.5.1.jar;C:\Users\STerrible\.m2\repository\org\instancio\instancio-core\5.5.1\instancio-core-5.5.1.jar;C:\Users\STerrible\.m2\repository\org\instancio\instancio-guava\5.5.1\instancio-guava-5.5.1.jar;C:\Users\STerrible\.m2\repository\org\awaitility\awaitility\4.3.0\awaitility-4.3.0.jar;C:\Users\STerrible\.m2\repository\org\hamcrest\hamcrest\3.0\hamcrest-3.0.jar;C:\Users\STerrible\.m2\repository\org\projectlombok\lombok\1.18.42\lombok-1.18.42.jar;C:\Users\STerrible\.m2\repository\org\gaul\modernizer-maven-annotations\3.2.0\modernizer-maven-annotations-3.2.0.jar;C:\Users\STerrible\.m2\repository\com\github\spotbugs\spotbugs-annotations\4.9.8\spotbugs-annotations-4.9.8.jar;C:\Users\STerrible\.m2\repository\com\google\code\findbugs\jsr305\3.0.2\jsr305-3.0.2.jar
Launcher Type: SUN_STANDARD

[Global flags]
     intx CICompilerCount                          = 12                                        {product} {ergonomic}
     uint ConcGCThreads                            = 3                                         {product} {ergonomic}
     bool EnableDynamicAgentLoading                = true                                      {product} {command line}
     uint G1ConcRefinementThreads                  = 13                                        {product} {ergonomic}
   size_t G1HeapRegionSize                         = 2097152                                   {product} {ergonomic}
   size_t InitialHeapSize                          = 264241152                                 {product} {ergonomic}
   size_t MarkStackSize                            = 4194304                                   {product} {ergonomic}
   size_t MarkStackSizeMax                         = 536870912                                 {product} {ergonomic}
   size_t MaxHeapSize                              = 4196401152                                {product} {ergonomic}
   size_t MinHeapDeltaBytes                        = 2097152                                   {product} {ergonomic}
   size_t MinHeapSize                              = 8388608                                   {product} {ergonomic}
    uintx NonNMethodCodeHeapSize                   = 7602176                                {pd product} {ergonomic}
    uintx NonProfiledCodeHeapSize                  = 122093568                              {pd product} {ergonomic}
    uintx ProfiledCodeHeapSize                     = 121962496                              {pd product} {ergonomic}
    uintx ReservedCodeCacheSize                    = 251658240                              {pd product} {ergonomic}
     bool SegmentedCodeCache                       = true                                      {product} {ergonomic}
   size_t SoftMaxHeapSize                          = 4196401152                             {manageable} {ergonomic}
     bool UseCompressedOops                        = true                           {product lp64_product} {ergonomic}
     bool UseG1GC                                  = true                                      {product} {ergonomic}
     bool UseLargePagesIndividualAllocation        = false                                  {pd product} {ergonomic}

Logging:
Log output configuration:
 #0: stdout all=warning uptime,level,tags foldmultilines=false
 #1: stderr all=off uptime,level,tags foldmultilines=false

Release file:
<release file has not been read>
Environment Variables:
JAVA_HOME=C:\Program Files\Eclipse Adoptium\jdk-25.0.2.10-hotspot\
PATH=C:\Program Files\Eclipse Adoptium\jdk-25.0.2.10-hotspot\bin;C:\Program Files\Microsoft MPI\Bin\;C:\Program Files (x86)\Common Files\Intel\Shared Libraries\redist\intel64\compiler;C:\Program Files\Java\jdk-17\bin;C:\Program Files\dotnet\;C:\Program Files\Microsoft SQL Server\150\Tools\Binn\;C:\WINDOWS\system32;C:\WINDOWS;C:\WINDOWS\System32\Wbem;C:\WINDOWS\System32\WindowsPowerShell\v1.0\;C:\WINDOWS\System32\OpenSSH\;C:\Program Files\NVIDIA Corporation\NVIDIA app\NvDLISR;C:\Program Files\Git\cmd;C:\Program Files\WireGuard\;C:\Program Files\Docker\Docker\resources\bin;C:\Users\STerrible\scoop\apps\maven\current\bin;C:\Users\STerrible\go\bin;C:\Users\STerrible\scoop\shims;C:\Users\STerrible\AppData\Local\Programs\Python\Python312\Scripts\;C:\Users\STerrible\AppData\Local\Programs\Python\Python312\;C:\Users\STerrible\AppData\Local\Programs\Python\Launcher\;C:\Users\STerrible\AppData\Local\Microsoft\WindowsApps;C:\Users\STerrible\AppData\Local\GitHubDesktop\bin;C:\Users\STerrible\AppData\Local\Programs\Microsoft VS Code\bin;C:\Users\STerrible\.bun\bin;C:\Users\STerrible\.jdks\corretto-24.0.2\bin
USERNAME=STerrible
OS=Windows_NT
PROCESSOR_IDENTIFIER=Intel64 Family 6 Model 154 Stepping 3, GenuineIntel
TMP=C:\Users\STERRI~1\AppData\Local\Temp
TEMP=C:\Users\STERRI~1\AppData\Local\Temp




Compilation memory statistics disabled.

Periodic native trim disabled

---------------  S Y S T E M  ---------------

OS:
 Windows 11 , 64 bit Build 26100 (10.0.26100.7920)
OS uptime: 2 days 2:28 hours
Hyper-V role detected

CPU: total 16 (initial active 16) (8 cores per cpu, 2 threads per core) family 6 model 154 stepping 3 microcode 0x434, cx8, cmov, fxsr, ht, mmx, 3dnowpref, sse, sse2, sse3, ssse3, sse4.1, sse4.2, popcnt, lzcnt, tsc, tscinvbit, avx, avx2, aes, erms, clmul, bmi1, bmi2, adx, sha, fma, vzeroupper, clflush, clflushopt, clwb, hv, serialize, rdtscp, rdpid, fsrm, gfni, f16c, cet_ibt, cet_ss
Processor Information for the first 16 processors :
  Max Mhz: 2500, Current Mhz: 2500, Mhz Limit: 2500

Memory: 4k page, system-wide physical 16002M (1109M free)
TotalPageFile size 32337M (AvailPageFile size 180M)
current process WorkingSet (physical memory assigned to process): 14M, peak: 14M
current process commit charge ("private bytes"): 71M, peak: 323M

vm_info: OpenJDK 64-Bit Server VM (25.0.2+10-LTS) for windows-amd64 JRE (25.0.2+10-LTS), built on 2026-01-20T00:00:00Z with MS VC++ 17.12 (VS2022)

END.
